This command provides capabilities for interacting with a Kubernetes cluster,
such as getting status and deploying initial infrastructure.

Usage:
  cluster [command]

Available Commands:
  help        Help about any command
  initinfra   Deploy initinfra components to cluster

Flags:
  -h, --help   help for cluster

Use "cluster [command] --help" for more information about a command.
