Creating namespace argo
namespace argo already exists
Registering Workflow CRD
Workflow CRD already exists
Creating argo ServiceAccount
argo ServiceAccount already exists
Creating argo admin ClusterRole
argo admin ClusterRole already exists
Creating argo edit ClusterRole
argo edit ClusterRole already exists
Creating argo view ClusterRole
argo view ClusterRole already exists
Creating argo ClusterRole
argo ClusterRole already exists
Creating argo ClusterRoleBinding
argo ClusterRoleBinding already exists
Creating argo ConfigMap
argo ConfigMap already exists
Creating argo Deployment
argo Deployment already exists
