Power on bare metal host(s). The command will target bare metal hosts from airship inventory based on the
--name, --namespace and --labels flags provided. If no flags are provided, airshipctl will select all bare metal hosts in the
inventory.

Usage:
  poweron [flags]

Examples:

Perform action against hosts with name rdm9r3s3 in all namespaces where the host is found
# airshipctl baremetal poweron --name rdm9r3s3

Perform action against hosts with name rdm9r3s3 in namespace metal3
# airshipctl baremetal poweron --name rdm9r3s3 --namespace metal3

Perform action against all hosts defined in inventory
# airshipctl baremetal poweron --all

Perform action against hosts with a label 'foo=bar'
# airshipctl baremetal poweron --labels "foo=bar"


Flags:
      --all                specify this to target all hosts in the inventory
  -h, --help               help for poweron
  -l, --labels string      label(s) to filter desired bare metal host documents
      --name string        name to filter desired bare metal host document
  -n, --namespace string   airshipctl phase that contains the desired bare metal host document(s)
      --timeout duration   timeout on bare metal action (default 10m0s)
