Get tree view of the kustomize entrypoints of a phase.

Usage:
  tree PHASE_NAME [flags]

Examples:

yaml explorer of a phase with relative path
# airshipctl phase tree /manifests/site/test-site/ephemeral/initinfra

yaml explorer of a phase with phase name
# airshipctl phase tree initinfra-ephemeral


Flags:
  -h, --help   help for tree
