Error: accepts at most 1 arg(s), received 2
Usage:
  set-context NAME [flags]

Examples:

# Create a new context named "exampleContext"
airshipctl config set-context exampleContext \
  --manifest=exampleManifest \

# Update the manifest of the current-context
airshipctl config set-context \
  --current \
  --manifest=exampleManifest


Flags:
      --current           update the current context
  -h, --help              help for set-context
      --manifest string   set the manifest for the specified context

