Error: accepts at most 1 arg(s), received 2
Usage:
  set-context NAME [flags]

Examples:

# Create a completely new e2e context entry
airshipctl config set-context e2e --namespace=kube-system --manifest=manifest --user=auth-info --cluster-type=target

# Update the current-context to e2e
airshipctl config set-context e2e

# Update attributes of the current-context
airshipctl config set-context --current --manifest=manifest

Flags:
      --cluster string        sets the cluster for the specified context in the airshipctl config
      --cluster-type string   sets the cluster-type for the specified context in the airshipctl config
      --current               use current context from airshipctl config
  -h, --help                  help for set-context
      --manifest string       sets the manifest for the specified context in the airshipctl config
      --namespace string      sets the namespace for the specified context in the airshipctl config
      --user string           sets the user for the specified context in the airshipctl config

