Access to argo workflows

Usage:
  airshipctl workflow [command]

Aliases:
  workflow, workflows, wf

Available Commands:
  init        bootstraps the kubernetes cluster with the Workflow CRDs and controller
  list        list workflows

Flags:
      --all-namespaces      use all kubernetes namespaces for the context of this command
  -h, --help                help for workflow
      --kubeconfig string   path to kubeconfig
      --namespace string    kubernetes namespace to use for the context of this command (default "default")

Global Flags:
      --debug   enable verbose output

Use "airshipctl workflow [command] --help" for more information about a command.
