airshipctl is a unified entrypoint to various airship components

Usage:
  airshipctl [command]

Available Commands:
  bootstrap   bootstraps airshipctl
  help        Help about any command
  version     Show the version number of airshipctl

Flags:
      --debug   enable verbose output
  -h, --help    help for airshipctl

Use "airshipctl [command] --help" for more information about a command.
