This command provides capabilities for interacting with phases,
such as getting list and applying specific one.

Usage:
  phase [command]

Available Commands:
  apply       Apply phase to a cluster
  help        Help about any command
  plan        List phases
  render      Render phase documents from model

Flags:
  -h, --help   help for phase

Use "phase [command] --help" for more information about a command.
