Retrieve the list of defined clusters

Usage:
  list [flags]

Examples:
# Retrieve cluster list
airshipctl cluster list --airshipconf /tmp/airconfig
airshipctl cluster list -o table
airshipctl cluster list -o name


Flags:
  -h, --help            help for list
  -o, --output string   'table' and 'name' are available output formats (default "name")
