Apply specific phase to kubernetes cluster such as control-plane, workloads, initinfra

Usage:
  apply PHASE_NAME [flags]

Examples:

# Apply initinfra phase to a cluster
airshipctl phase apply initinfra


Flags:
      --dry-run   don't deliver documents to the cluster, simulate the changes instead
  -h, --help      help for apply
      --prune     if set to true, command will delete all kubernetes resources that are not defined in airship documents and have airshipit.org/deployed=apply label
