Error: required Regex flag with limit option
Usage:
  encryptionkey [flags]

Examples:

Generates a secure encryption key or passphrase.
# airshipctl secret generate encryptionkey

Generates a secure encryption key or passphrase matching the regular expression
# airshipctl secret generate encryptionkey --regex Xy[a-c][0-9]!a*


Flags:
  -h, --help           help for encryptionkey
      --limit int      limit number of characters for + or * regex (default 5)
      --regex string   regular expression string

