Error: accepts 1 arg(s), received 2
Usage:
  set-management-config NAME [flags]

Flags:
  -h, --help                     help for set-management-config
      --insecure                 Ignore SSL certificate verification on out-of-band management requests
      --management-type string   Set the out-of-band management type (default "redfish")
      --use-proxy                Use the proxy configuration specified in the local environment (default true)

