List life-cycle phases which were defined in document model by group.
Phases within a group are executed sequentially. Multiple phase groups
are executed in parallel.

Usage:
  list [flags]

Flags:
  -c, --cluster-name string   filter documents by cluster name
  -h, --help                  help for list
      --plan string           Plan name of a plan
