Error: Missing configuration: Context with name 'contextMissing'
Usage:
  get-context [NAME] [flags]

Examples:

# List all contexts
airshipctl config get-context

# Display the current context
airshipctl config get-context --current

# Display a specific context
airshipctl config get-context exampleContext


Flags:
      --current   get the current context
  -h, --help      help for get-context

