Generate an airshipctl config file. This file by default will be written to the $HOME/.airship directory,
and will contain default configuration. In case if flag --airshipconf provided - the file will be
written to the specified location instead. If a configuration file already exists at the specified path,
an error will be thrown; to overwrite it, specify the --overwrite flag.

Usage:
  init [flags]

Examples:

# Create new airshipctl config file at the default location
airshipctl config init

# Create new airshipctl config file at the custom location
airshipctl config init --airshipconf path/to/config

# Create new airshipctl config file at custom location and overwrite it
airshipctl config init --overwrite --airshipconf path/to/config


Flags:
  -h, --help        help for init
      --overwrite   overwrite config file
