Validate a plan defined in the site manifest. Specify the plan using the mandatory parameter PLAN_NAME.
To get list of plans associated for a site, run 'airshipctl plan list'.

Usage:
  validate PLAN_NAME [flags]

Examples:

Validate plan named iso
# airshipctl plan validate iso


Flags:
  -h, --help   help for validate
