Provides commands which help in management of site manifest documents.

Usage:
  document [command]

Available Commands:
  help        Help about any command
  pull        Airshipctl command to pull manifests from remote git repositories

Flags:
  -h, --help   help for document

Use "document [command] --help" for more information about a command.
