Displays a specific manifest information, or all defined manifests if no name is provided. The information
includes the repository details related to site manifest along with the local targetPath for them.

Usage:
  get-manifest MANIFEST_NAME [flags]

Aliases:
  get-manifest, get-manifests

Examples:

List all the manifests
# airshipctl config get-manifests

Display a specific manifest
# airshipctl config get-manifest e2e


Flags:
  -h, --help   help for get-manifest
