LocationOfOrigin: ""
client-certificate: AuthInfoBar_certificate
client-key: AuthInfoBar_key
password: AuthInfoBar_password
token: AuthInfoBar_token
username: AuthInfoBar_user

LocationOfOrigin: ""
client-certificate: AuthInfoBaz_certificate
client-key: AuthInfoBaz_key
password: AuthInfoBaz_password
token: AuthInfoBaz_token
username: AuthInfoBaz_user

