LocationOfOrigin: ""
client-certificate: dummy_certificate
client-key: dummy_key
password: dummy_password
token: dummy_token
username: dummy_user

LocationOfOrigin: ""
client-certificate: dummy_certificate
client-key: dummy_key
password: dummy_password
token: dummy_token
username: dummy_user

LocationOfOrigin: ""
client-certificate: dummy_certificate
client-key: dummy_key
password: dummy_password
token: dummy_token
username: dummy_user

