Error: Missing configuration: User credentials with name 'authinfoMissing'
Usage:
  get-credential [NAME] [flags]

Aliases:
  get-credential, get-credentials

Examples:

# List all user credentials
airshipctl config get-credentials

# Display a specific user's credentials
airshipctl config get-credential exampleUser


Flags:
  -h, --help   help for get-credential

