Error: Missing configuration: User credentials with name 'authinfoMissing'
Usage:
  get-credentials [NAME] [flags]

Examples:

# List all user credentials
airshipctl config get-credentials

# Display a specific user's credentials
airshipctl config get-credentials exampleUser


Flags:
  -h, --help   help for get-credentials

