Cluster: clusterBar
ephemeral:
bootstrapInfo: ""
clusterKubeconf: clusterBar_ephemeral

LocationOfOrigin: ""
insecure-skip-tls-verify: true
server: ""

Cluster: clusterBar
target:
bootstrapInfo: ""
clusterKubeconf: clusterBar_target

LocationOfOrigin: ""
insecure-skip-tls-verify: true
server: ""

Cluster: clusterBaz
ephemeral:
bootstrapInfo: ""
clusterKubeconf: clusterBaz_ephemeral

LocationOfOrigin: ""
insecure-skip-tls-verify: true
server: ""

Cluster: clusterBaz
target:
bootstrapInfo: ""
clusterKubeconf: clusterBaz_target

LocationOfOrigin: ""
insecure-skip-tls-verify: true
server: ""

Cluster: clusterFoo
ephemeral:
bootstrapInfo: ""
clusterKubeconf: clusterFoo_ephemeral

LocationOfOrigin: ""
insecure-skip-tls-verify: true
server: ""

Cluster: clusterFoo
target:
bootstrapInfo: ""
clusterKubeconf: clusterFoo_target

LocationOfOrigin: ""
insecure-skip-tls-verify: true
server: ""

