Cluster: clusterBar
ephemeral:
clusterKubeconf: clusterBar_ephemeral
managementConfiguration: ""

LocationOfOrigin: ""
insecure-skip-tls-verify: true
server: ""

Cluster: clusterBar
target:
clusterKubeconf: clusterBar_target
managementConfiguration: ""

LocationOfOrigin: ""
insecure-skip-tls-verify: true
server: ""

Cluster: clusterBaz
ephemeral:
clusterKubeconf: clusterBaz_ephemeral
managementConfiguration: ""

LocationOfOrigin: ""
insecure-skip-tls-verify: true
server: ""

Cluster: clusterBaz
target:
clusterKubeconf: clusterBaz_target
managementConfiguration: ""

LocationOfOrigin: ""
insecure-skip-tls-verify: true
server: ""

Cluster: clusterFoo
ephemeral:
clusterKubeconf: clusterFoo_ephemeral
managementConfiguration: ""

LocationOfOrigin: ""
insecure-skip-tls-verify: true
server: ""

Cluster: clusterFoo
target:
clusterKubeconf: clusterFoo_target
managementConfiguration: ""

LocationOfOrigin: ""
insecure-skip-tls-verify: true
server: ""

