Error: Cluster clusterMissing information was not found in the configuration.
Usage:
  get-cluster NAME [flags]

Examples:

# List all the clusters airshipctl knows about
airshipctl config get-cluster

# Display a specific cluster
airshipctl config get-cluster e2e --cluster-type=ephemeral

Flags:
      --cluster-type string   cluster-type for the cluster entry in airshipctl config
  -h, --help                  help for get-cluster

