Error: Missing configuration: Cluster with name 'clusterMissing' of type 'target'
Usage:
  get-cluster [NAME] [flags]

Aliases:
  get-cluster, get-clusters

Examples:

# List all clusters
airshipctl config get-clusters

# Display a specific cluster
airshipctl config get-cluster --cluster-type=ephemeral exampleCluster


Flags:
      --cluster-type string   type of the desired cluster
  -h, --help                  help for get-cluster

