Create or modify a user credential in the airshipctl config file.

Note that specifying more than one authentication method is an error.

Usage:
  set-credentials NAME [flags]

Examples:

# Create a new user credential with basic auth
airshipctl config set-credentials exampleUser \
  --username=exampleUser \
  --password=examplePassword

# Change the client-key of a user named admin
airshipctl config set-credentials admin \
  --client-key=$HOME/.kube/admin.key

# Change the username and password of the admin user
airshipctl config set-credentials admin \
  --username=admin \
  --password=uXFGweU9l35qcif

# Embed client certificate data of the admin user
airshipctl config set-credentials admin \
  --client-certificate=$HOME/.kube/admin.crt \
  --embed-certs


Flags:
      --client-certificate string   path to a certificate
      --client-key string           path to a key file
      --embed-certs                 if set, embed the client certificate/key into the credential
  -h, --help                        help for set-credentials
      --password string             password for the credential; mutually exclusive with token flag.
      --token string                token to use for the credential; mutually exclusive with username and password flags.
      --username string             username for the credential; mutually exclusive with token flag.
